Archive member included to satisfy reference by file (symbol)

c:/st/stm32cubeide_1.5.1/stm32cubeide/plugins/com.st.stm32cube.ide.mcu.externaltools.gnu-tools-for-stm32.9-2020-q2-update.win32_1.5.0.202011040924/tools/bin/../lib/gcc/arm-none-eabi/9.3.1/../../../../arm-none-eabi/lib/thumb/v7e-m+fp/hard\libc_nano.a(lib_a-errno.o)
                              Core/Src/syscalls.o (__errno)
c:/st/stm32cubeide_1.5.1/stm32cubeide/plugins/com.st.stm32cube.ide.mcu.externaltools.gnu-tools-for-stm32.9-2020-q2-update.win32_1.5.0.202011040924/tools/bin/../lib/gcc/arm-none-eabi/9.3.1/../../../../arm-none-eabi/lib/thumb/v7e-m+fp/hard\libc_nano.a(lib_a-exit.o)
                              c:/st/stm32cubeide_1.5.1/stm32cubeide/plugins/com.st.stm32cube.ide.mcu.externaltools.gnu-tools-for-stm32.9-2020-q2-update.win32_1.5.0.202011040924/tools/bin/../lib/gcc/arm-none-eabi/9.3.1/../../../../arm-none-eabi/lib/thumb/v7e-m+fp/hard/crt0.o (exit)
c:/st/stm32cubeide_1.5.1/stm32cubeide/plugins/com.st.stm32cube.ide.mcu.externaltools.gnu-tools-for-stm32.9-2020-q2-update.win32_1.5.0.202011040924/tools/bin/../lib/gcc/arm-none-eabi/9.3.1/../../../../arm-none-eabi/lib/thumb/v7e-m+fp/hard\libc_nano.a(lib_a-impure.o)
                              c:/st/stm32cubeide_1.5.1/stm32cubeide/plugins/com.st.stm32cube.ide.mcu.externaltools.gnu-tools-for-stm32.9-2020-q2-update.win32_1.5.0.202011040924/tools/bin/../lib/gcc/arm-none-eabi/9.3.1/../../../../arm-none-eabi/lib/thumb/v7e-m+fp/hard\libc_nano.a(lib_a-exit.o) (_global_impure_ptr)
c:/st/stm32cubeide_1.5.1/stm32cubeide/plugins/com.st.stm32cube.ide.mcu.externaltools.gnu-tools-for-stm32.9-2020-q2-update.win32_1.5.0.202011040924/tools/bin/../lib/gcc/arm-none-eabi/9.3.1/../../../../arm-none-eabi/lib/thumb/v7e-m+fp/hard\libc_nano.a(lib_a-init.o)
                              c:/st/stm32cubeide_1.5.1/stm32cubeide/plugins/com.st.stm32cube.ide.mcu.externaltools.gnu-tools-for-stm32.9-2020-q2-update.win32_1.5.0.202011040924/tools/bin/../lib/gcc/arm-none-eabi/9.3.1/../../../../arm-none-eabi/lib/thumb/v7e-m+fp/hard/crt0.o (__libc_init_array)
c:/st/stm32cubeide_1.5.1/stm32cubeide/plugins/com.st.stm32cube.ide.mcu.externaltools.gnu-tools-for-stm32.9-2020-q2-update.win32_1.5.0.202011040924/tools/bin/../lib/gcc/arm-none-eabi/9.3.1/../../../../arm-none-eabi/lib/thumb/v7e-m+fp/hard\libc_nano.a(lib_a-memset.o)
                              c:/st/stm32cubeide_1.5.1/stm32cubeide/plugins/com.st.stm32cube.ide.mcu.externaltools.gnu-tools-for-stm32.9-2020-q2-update.win32_1.5.0.202011040924/tools/bin/../lib/gcc/arm-none-eabi/9.3.1/../../../../arm-none-eabi/lib/thumb/v7e-m+fp/hard/crt0.o (memset)
c:/st/stm32cubeide_1.5.1/stm32cubeide/plugins/com.st.stm32cube.ide.mcu.externaltools.gnu-tools-for-stm32.9-2020-q2-update.win32_1.5.0.202011040924/tools/bin/../lib/gcc/arm-none-eabi/9.3.1/thumb/v7e-m+fp/hard\libgcc.a(_arm_addsubsf3.o)
                              Core/Src/main.o (__aeabi_ul2f)
c:/st/stm32cubeide_1.5.1/stm32cubeide/plugins/com.st.stm32cube.ide.mcu.externaltools.gnu-tools-for-stm32.9-2020-q2-update.win32_1.5.0.202011040924/tools/bin/../lib/gcc/arm-none-eabi/9.3.1/thumb/v7e-m+fp/hard\libgcc.a(_aeabi_uldivmod.o)
                              Drivers/STM32F4xx_HAL_Driver/Src/stm32f4xx_hal_rcc.o (__aeabi_uldivmod)
c:/st/stm32cubeide_1.5.1/stm32cubeide/plugins/com.st.stm32cube.ide.mcu.externaltools.gnu-tools-for-stm32.9-2020-q2-update.win32_1.5.0.202011040924/tools/bin/../lib/gcc/arm-none-eabi/9.3.1/thumb/v7e-m+fp/hard\libgcc.a(_udivmoddi4.o)
                              c:/st/stm32cubeide_1.5.1/stm32cubeide/plugins/com.st.stm32cube.ide.mcu.externaltools.gnu-tools-for-stm32.9-2020-q2-update.win32_1.5.0.202011040924/tools/bin/../lib/gcc/arm-none-eabi/9.3.1/thumb/v7e-m+fp/hard\libgcc.a(_aeabi_uldivmod.o) (__udivmoddi4)
c:/st/stm32cubeide_1.5.1/stm32cubeide/plugins/com.st.stm32cube.ide.mcu.externaltools.gnu-tools-for-stm32.9-2020-q2-update.win32_1.5.0.202011040924/tools/bin/../lib/gcc/arm-none-eabi/9.3.1/thumb/v7e-m+fp/hard\libgcc.a(_dvmd_tls.o)
                              c:/st/stm32cubeide_1.5.1/stm32cubeide/plugins/com.st.stm32cube.ide.mcu.externaltools.gnu-tools-for-stm32.9-2020-q2-update.win32_1.5.0.202011040924/tools/bin/../lib/gcc/arm-none-eabi/9.3.1/thumb/v7e-m+fp/hard\libgcc.a(_aeabi_uldivmod.o) (__aeabi_ldiv0)

Allocating common symbols
Common symbol       size              file

uwTick              0x4               Drivers/STM32F4xx_HAL_Driver/Src/stm32f4xx_hal.o
pFlash              0x20              Drivers/STM32F4xx_HAL_Driver/Src/stm32f4xx_hal_flash.o
htim3               0x48              Core/Src/main.o
htim1               0x48              Core/Src/main.o
htim2               0x48              Core/Src/main.o
huart2              0x44              Core/Src/main.o

Discarded input sections

[...]
Memory Configuration

Name             Origin             Length             Attributes
RAM              0x0000000020000000 0x0000000000020000 xrw
FLASH            0x0000000008000000 0x0000000000080000 xr
*default*        0x0000000000000000 0xffffffffffffffff

Linker script and memory map

LOAD c:/st/stm32cubeide_1.5.1/stm32cubeide/plugins/com.st.stm32cube.ide.mcu.externaltools.gnu-tools-for-stm32.9-2020-q2-update.win32_1.5.0.202011040924/tools/bin/../lib/gcc/arm-none-eabi/9.3.1/thumb/v7e-m+fp/hard/crti.o
LOAD c:/st/stm32cubeide_1.5.1/stm32cubeide/plugins/com.st.stm32cube.ide.mcu.externaltools.gnu-tools-for-stm32.9-2020-q2-update.win32_1.5.0.202011040924/tools/bin/../lib/gcc/arm-none-eabi/9.3.1/thumb/v7e-m+fp/hard/crtbegin.o
LOAD c:/st/stm32cubeide_1.5.1/stm32cubeide/plugins/com.st.stm32cube.ide.mcu.externaltools.gnu-tools-for-stm32.9-2020-q2-update.win32_1.5.0.202011040924/tools/bin/../lib/gcc/arm-none-eabi/9.3.1/../../../../arm-none-eabi/lib/thumb/v7e-m+fp/hard/crt0.o
LOAD Core/Src/main.o
LOAD Core/Src/stm32f4xx_hal_msp.o
LOAD Core/Src/stm32f4xx_it.o
LOAD Core/Src/syscalls.o
LOAD Core/Src/sysmem.o
LOAD Core/Src/system_stm32f4xx.o
LOAD Core/Startup/startup_stm32f411retx.o
LOAD Drivers/STM32F4xx_HAL_Driver/Src/stm32f4xx_hal.o
LOAD Drivers/STM32F4xx_HAL_Driver/Src/stm32f4xx_hal_cortex.o
LOAD Drivers/STM32F4xx_HAL_Driver/Src/stm32f4xx_hal_dma.o
LOAD Drivers/STM32F4xx_HAL_Driver/Src/stm32f4xx_hal_dma_ex.o
LOAD Drivers/STM32F4xx_HAL_Driver/Src/stm32f4xx_hal_exti.o
LOAD Drivers/STM32F4xx_HAL_Driver/Src/stm32f4xx_hal_flash.o
LOAD Drivers/STM32F4xx_HAL_Driver/Src/stm32f4xx_hal_flash_ex.o
LOAD Drivers/STM32F4xx_HAL_Driver/Src/stm32f4xx_hal_flash_ramfunc.o
LOAD Drivers/STM32F4xx_HAL_Driver/Src/stm32f4xx_hal_gpio.o
LOAD Drivers/STM32F4xx_HAL_Driver/Src/stm32f4xx_hal_pwr.o
LOAD Drivers/STM32F4xx_HAL_Driver/Src/stm32f4xx_hal_pwr_ex.o
LOAD Drivers/STM32F4xx_HAL_Driver/Src/stm32f4xx_hal_rcc.o
LOAD Drivers/STM32F4xx_HAL_Driver/Src/stm32f4xx_hal_rcc_ex.o
LOAD Drivers/STM32F4xx_HAL_Driver/Src/stm32f4xx_hal_tim.o
LOAD Drivers/STM32F4xx_HAL_Driver/Src/stm32f4xx_hal_tim_ex.o
LOAD Drivers/STM32F4xx_HAL_Driver/Src/stm32f4xx_hal_uart.o
START GROUP
LOAD c:/st/stm32cubeide_1.5.1/stm32cubeide/plugins/com.st.stm32cube.ide.mcu.externaltools.gnu-tools-for-stm32.9-2020-q2-update.win32_1.5.0.202011040924/tools/bin/../lib/gcc/arm-none-eabi/9.3.1/../../../../arm-none-eabi/lib/thumb/v7e-m+fp/hard\libc_nano.a
LOAD c:/st/stm32cubeide_1.5.1/stm32cubeide/plugins/com.st.stm32cube.ide.mcu.externaltools.gnu-tools-for-stm32.9-2020-q2-update.win32_1.5.0.202011040924/tools/bin/../lib/gcc/arm-none-eabi/9.3.1/../../../../arm-none-eabi/lib/thumb/v7e-m+fp/hard\libm.a
END GROUP
START GROUP
LOAD c:/st/stm32cubeide_1.5.1/stm32cubeide/plugins/com.st.stm32cube.ide.mcu.externaltools.gnu-tools-for-stm32.9-2020-q2-update.win32_1.5.0.202011040924/tools/bin/../lib/gcc/arm-none-eabi/9.3.1/thumb/v7e-m+fp/hard\libgcc.a
LOAD c:/st/stm32cubeide_1.5.1/stm32cubeide/plugins/com.st.stm32cube.ide.mcu.externaltools.gnu-tools-for-stm32.9-2020-q2-update.win32_1.5.0.202011040924/tools/bin/../lib/gcc/arm-none-eabi/9.3.1/../../../../arm-none-eabi/lib/thumb/v7e-m+fp/hard\libc_nano.a
END GROUP
START GROUP
LOAD c:/st/stm32cubeide_1.5.1/stm32cubeide/plugins/com.st.stm32cube.ide.mcu.externaltools.gnu-tools-for-stm32.9-2020-q2-update.win32_1.5.0.202011040924/tools/bin/../lib/gcc/arm-none-eabi/9.3.1/thumb/v7e-m+fp/hard\libgcc.a
LOAD c:/st/stm32cubeide_1.5.1/stm32cubeide/plugins/com.st.stm32cube.ide.mcu.externaltools.gnu-tools-for-stm32.9-2020-q2-update.win32_1.5.0.202011040924/tools/bin/../lib/gcc/arm-none-eabi/9.3.1/../../../../arm-none-eabi/lib/thumb/v7e-m+fp/hard\libc_nano.a
LOAD c:/st/stm32cubeide_1.5.1/stm32cubeide/plugins/com.st.stm32cube.ide.mcu.externaltools.gnu-tools-for-stm32.9-2020-q2-update.win32_1.5.0.202011040924/tools/bin/../lib/gcc/arm-none-eabi/9.3.1/../../../../arm-none-eabi/lib/thumb/v7e-m+fp/hard\libnosys.a
END GROUP
START GROUP
LOAD c:/st/stm32cubeide_1.5.1/stm32cubeide/plugins/com.st.stm32cube.ide.mcu.externaltools.gnu-tools-for-stm32.9-2020-q2-update.win32_1.5.0.202011040924/tools/bin/../lib/gcc/arm-none-eabi/9.3.1/thumb/v7e-m+fp/hard\libgcc.a
LOAD c:/st/stm32cubeide_1.5.1/stm32cubeide/plugins/com.st.stm32cube.ide.mcu.externaltools.gnu-tools-for-stm32.9-2020-q2-update.win32_1.5.0.202011040924/tools/bin/../lib/gcc/arm-none-eabi/9.3.1/../../../../arm-none-eabi/lib/thumb/v7e-m+fp/hard\libc_nano.a
LOAD c:/st/stm32cubeide_1.5.1/stm32cubeide/plugins/com.st.stm32cube.ide.mcu.externaltools.gnu-tools-for-stm32.9-2020-q2-update.win32_1.5.0.202011040924/tools/bin/../lib/gcc/arm-none-eabi/9.3.1/../../../../arm-none-eabi/lib/thumb/v7e-m+fp/hard\libnosys.a
END GROUP
LOAD c:/st/stm32cubeide_1.5.1/stm32cubeide/plugins/com.st.stm32cube.ide.mcu.externaltools.gnu-tools-for-stm32.9-2020-q2-update.win32_1.5.0.202011040924/tools/bin/../lib/gcc/arm-none-eabi/9.3.1/thumb/v7e-m+fp/hard/crtend.o
LOAD c:/st/stm32cubeide_1.5.1/stm32cubeide/plugins/com.st.stm32cube.ide.mcu.externaltools.gnu-tools-for-stm32.9-2020-q2-update.win32_1.5.0.202011040924/tools/bin/../lib/gcc/arm-none-eabi/9.3.1/thumb/v7e-m+fp/hard/crtn.o
                0x0000000020020000                _estack = (ORIGIN (RAM) + LENGTH (RAM))
                0x0000000000000200                _Min_Heap_Size = 0x200
                0x0000000000000400                _Min_Stack_Size = 0x400

.isr_vector     0x0000000008000000      0x198
                0x0000000008000000                . = ALIGN (0x4)
 *(.isr_vector)
 .isr_vector    0x0000000008000000      0x198 Core/Startup/startup_stm32f411retx.o
                0x0000000008000000                g_pfnVectors
                0x0000000008000198                . = ALIGN (0x4)

.text           0x0000000008000198     0x36f4
                0x0000000008000198                . = ALIGN (0x4)
 *(.text)
 .text          0x0000000008000198       0x40 c:/st/stm32cubeide_1.5.1/stm32cubeide/plugins/com.st.stm32cube.ide.mcu.externaltools.gnu-tools-for-stm32.9-2020-q2-update.win32_1.5.0.202011040924/tools/bin/../lib/gcc/arm-none-eabi/9.3.1/thumb/v7e-m+fp/hard/crtbegin.o
 .text          0x00000000080001d8      0x21c c:/st/stm32cubeide_1.5.1/stm32cubeide/plugins/com.st.stm32cube.ide.mcu.externaltools.gnu-tools-for-stm32.9-2020-q2-update.win32_1.5.0.202011040924/tools/bin/../lib/gcc/arm-none-eabi/9.3.1/thumb/v7e-m+fp/hard\libgcc.a(_arm_addsubsf3.o)
                0x00000000080001d8                __aeabi_frsub
                0x00000000080001e0                __subsf3
                0x00000000080001e0                __aeabi_fsub
                0x00000000080001e4                __aeabi_fadd
                0x00000000080001e4                __addsf3
                0x0000000008000344                __aeabi_ui2f
                0x0000000008000344                __floatunsisf
                0x000000000800034c                __aeabi_i2f
                0x000000000800034c                __floatsisf
                0x0000000008000368                __aeabi_ul2f
                0x0000000008000368                __floatundisf
                0x0000000008000378                __aeabi_l2f
                0x0000000008000378                __floatdisf
 .text          0x00000000080003f4       0x30 c:/st/stm32cubeide_1.5.1/stm32cubeide/plugins/com.st.stm32cube.ide.mcu.externaltools.gnu-tools-for-stm32.9-2020-q2-update.win32_1.5.0.202011040924/tools/bin/../lib/gcc/arm-none-eabi/9.3.1/thumb/v7e-m+fp/hard\libgcc.a(_aeabi_uldivmod.o)
                0x00000000080003f4                __aeabi_uldivmod
 .text          0x0000000008000424      0x2c4 c:/st/stm32cubeide_1.5.1/stm32cubeide/plugins/com.st.stm32cube.ide.mcu.externaltools.gnu-tools-for-stm32.9-2020-q2-update.win32_1.5.0.202011040924/tools/bin/../lib/gcc/arm-none-eabi/9.3.1/thumb/v7e-m+fp/hard\libgcc.a(_udivmoddi4.o)
                0x0000000008000424                __udivmoddi4
 .text          0x00000000080006e8        0x4 c:/st/stm32cubeide_1.5.1/stm32cubeide/plugins/com.st.stm32cube.ide.mcu.externaltools.gnu-tools-for-stm32.9-2020-q2-update.win32_1.5.0.202011040924/tools/bin/../lib/gcc/arm-none-eabi/9.3.1/thumb/v7e-m+fp/hard\libgcc.a(_dvmd_tls.o)
                0x00000000080006e8                __aeabi_idiv0
                0x00000000080006e8                __aeabi_ldiv0
 *(.text*)
 .text.main     0x00000000080006ec      0x17c Core/Src/main.o
                0x00000000080006ec                main
 .text.SystemClock_Config
                0x0000000008000868       0xd0 Core/Src/main.o
                0x0000000008000868                SystemClock_Config
 .text.MX_TIM1_Init
                0x0000000008000938       0xb0 Core/Src/main.o
 .text.MX_TIM2_Init
                0x00000000080009e8       0x98 Core/Src/main.o
 .text.MX_TIM3_Init
                0x0000000008000a80      0x104 Core/Src/main.o
 .text.MX_USART2_UART_Init
                0x0000000008000b84       0x54 Core/Src/main.o
 .text.MX_GPIO_Init
                0x0000000008000bd8       0xe0 Core/Src/main.o
 .text.EncoderVelocity_Update
                0x0000000008000cb8       0xb4 Core/Src/main.o
                0x0000000008000cb8                EncoderVelocity_Update
 .text.ControlPWM
                0x0000000008000d6c       0xec Core/Src/main.o
                0x0000000008000d6c                ControlPWM
 .text.HAL_TIM_PeriodElapsedCallback
                0x0000000008000e58       0x38 Core/Src/main.o
                0x0000000008000e58                HAL_TIM_PeriodElapsedCallback
 .text.micros   0x0000000008000e90       0x34 Core/Src/main.o
                0x0000000008000e90                micros
 .text.Error_Handler
                0x0000000008000ec4        0xa Core/Src/main.o
                0x0000000008000ec4                Error_Handler
 *fill*         0x0000000008000ece        0x2 
 .text.HAL_MspInit
                0x0000000008000ed0       0x50 Core/Src/stm32f4xx_hal_msp.o
                0x0000000008000ed0                HAL_MspInit
 .text.HAL_TIM_Encoder_MspInit
                0x0000000008000f20       0x90 Core/Src/stm32f4xx_hal_msp.o
                0x0000000008000f20                HAL_TIM_Encoder_MspInit
 .text.HAL_TIM_Base_MspInit
                0x0000000008000fb0       0x88 Core/Src/stm32f4xx_hal_msp.o
                0x0000000008000fb0                HAL_TIM_Base_MspInit
 .text.HAL_TIM_MspPostInit
                0x0000000008001038       0x74 Core/Src/stm32f4xx_hal_msp.o
                0x0000000008001038                HAL_TIM_MspPostInit
 .text.HAL_UART_MspInit
                0x00000000080010ac       0x90 Core/Src/stm32f4xx_hal_msp.o
                0x00000000080010ac                HAL_UART_MspInit
 .text.NMI_Handler
                0x000000000800113c        0x6 Core/Src/stm32f4xx_it.o
                0x000000000800113c                NMI_Handler
 .text.HardFault_Handler
                0x0000000008001142        0x6 Core/Src/stm32f4xx_it.o
                0x0000000008001142                HardFault_Handler
 .text.MemManage_Handler
                0x0000000008001148        0x6 Core/Src/stm32f4xx_it.o
                0x0000000008001148                MemManage_Handler
 .text.BusFault_Handler
                0x000000000800114e        0x6 Core/Src/stm32f4xx_it.o
                0x000000000800114e                BusFault_Handler
 .text.UsageFault_Handler
                0x0000000008001154        0x6 Core/Src/stm32f4xx_it.o
                0x0000000008001154                UsageFault_Handler
 .text.SVC_Handler
                0x000000000800115a        0xe Core/Src/stm32f4xx_it.o
                0x000000000800115a                SVC_Handler
 .text.DebugMon_Handler
                0x0000000008001168        0xe Core/Src/stm32f4xx_it.o
                0x0000000008001168                DebugMon_Handler
 .text.PendSV_Handler
                0x0000000008001176        0xe Core/Src/stm32f4xx_it.o
                0x0000000008001176                PendSV_Handler
 .text.SysTick_Handler
                0x0000000008001184        0xc Core/Src/stm32f4xx_it.o
                0x0000000008001184                SysTick_Handler
 .text.TIM2_IRQHandler
                0x0000000008001190       0x14 Core/Src/stm32f4xx_it.o
                0x0000000008001190                TIM2_IRQHandler
 .text.TIM3_IRQHandler
                0x00000000080011a4       0x14 Core/Src/stm32f4xx_it.o
                0x00000000080011a4                TIM3_IRQHandler
 .text.SystemInit
                0x00000000080011b8       0x24 Core/Src/system_stm32f4xx.o
                0x00000000080011b8                SystemInit
 .text.Reset_Handler
                0x00000000080011dc       0x50 Core/Startup/startup_stm32f411retx.o
                0x00000000080011dc                Reset_Handler
 .text.Default_Handler
                0x000000000800122c        0x2 Core/Startup/startup_stm32f411retx.o
                0x000000000800122c                RTC_Alarm_IRQHandler
                0x000000000800122c                EXTI2_IRQHandler
                0x000000000800122c                SPI4_IRQHandler
                0x000000000800122c                TIM1_CC_IRQHandler
                0x000000000800122c                DMA2_Stream5_IRQHandler
                0x000000000800122c                DMA1_Stream5_IRQHandler
                0x000000000800122c                PVD_IRQHandler
                0x000000000800122c                SDIO_IRQHandler
                0x000000000800122c                TAMP_STAMP_IRQHandler
                0x000000000800122c                EXTI3_IRQHandler
                0x000000000800122c                TIM1_UP_TIM10_IRQHandler
                0x000000000800122c                I2C3_ER_IRQHandler
                0x000000000800122c                EXTI0_IRQHandler
                0x000000000800122c                I2C2_EV_IRQHandler
                0x000000000800122c                DMA1_Stream2_IRQHandler
                0x000000000800122c                FPU_IRQHandler
                0x000000000800122c                DMA2_Stream2_IRQHandler
                0x000000000800122c                SPI1_IRQHandler
                0x000000000800122c                TIM1_BRK_TIM9_IRQHandler
                0x000000000800122c                DMA2_Stream3_IRQHandler
                0x000000000800122c                USART6_IRQHandler
                0x000000000800122c                DMA2_Stream0_IRQHandler
                0x000000000800122c                TIM4_IRQHandler
                0x000000000800122c                I2C1_EV_IRQHandler
                0x000000000800122c                DMA1_Stream6_IRQHandler
                0x000000000800122c                DMA1_Stream1_IRQHandler
                0x000000000800122c                RCC_IRQHandler
                0x000000000800122c                Default_Handler
                0x000000000800122c                EXTI15_10_IRQHandler
                0x000000000800122c                ADC_IRQHandler
                0x000000000800122c                DMA1_Stream7_IRQHandler
                0x000000000800122c                SPI5_IRQHandler
                0x000000000800122c                TIM5_IRQHandler
                0x000000000800122c                DMA2_Stream7_IRQHandler
                0x000000000800122c                I2C3_EV_IRQHandler
                0x000000000800122c                EXTI9_5_IRQHandler
                0x000000000800122c                RTC_WKUP_IRQHandler
                0x000000000800122c                SPI2_IRQHandler
                0x000000000800122c                DMA1_Stream0_IRQHandler
                0x000000000800122c                EXTI4_IRQHandler
                0x000000000800122c                WWDG_IRQHandler
                0x000000000800122c                OTG_FS_WKUP_IRQHandler
                0x000000000800122c                TIM1_TRG_COM_TIM11_IRQHandler
                0x000000000800122c                EXTI1_IRQHandler
                0x000000000800122c                USART2_IRQHandler
                0x000000000800122c                I2C2_ER_IRQHandler
                0x000000000800122c                DMA2_Stream1_IRQHandler
                0x000000000800122c                FLASH_IRQHandler
                0x000000000800122c                DMA2_Stream4_IRQHandler
                0x000000000800122c                USART1_IRQHandler
                0x000000000800122c                OTG_FS_IRQHandler
                0x000000000800122c                SPI3_IRQHandler
                0x000000000800122c                DMA1_Stream4_IRQHandler
                0x000000000800122c                I2C1_ER_IRQHandler
                0x000000000800122c                DMA2_Stream6_IRQHandler
                0x000000000800122c                DMA1_Stream3_IRQHandler
 *fill*         0x000000000800122e        0x2 
 .text.HAL_Init
                0x0000000008001230       0x44 Drivers/STM32F4xx_HAL_Driver/Src/stm32f4xx_hal.o
                0x0000000008001230                HAL_Init
 .text.HAL_InitTick
                0x0000000008001274       0x60 Drivers/STM32F4xx_HAL_Driver/Src/stm32f4xx_hal.o
                0x0000000008001274                HAL_InitTick
 .text.HAL_IncTick
                0x00000000080012d4       0x28 Drivers/STM32F4xx_HAL_Driver/Src/stm32f4xx_hal.o
                0x00000000080012d4                HAL_IncTick
 .text.HAL_GetTick
                0x00000000080012fc       0x18 Drivers/STM32F4xx_HAL_Driver/Src/stm32f4xx_hal.o
                0x00000000080012fc                HAL_GetTick
 .text.__NVIC_SetPriorityGrouping
                0x0000000008001314       0x48 Drivers/STM32F4xx_HAL_Driver/Src/stm32f4xx_hal_cortex.o
 .text.__NVIC_GetPriorityGrouping
                0x000000000800135c       0x1c Drivers/STM32F4xx_HAL_Driver/Src/stm32f4xx_hal_cortex.o
 .text.__NVIC_EnableIRQ
                0x0000000008001378       0x3c Drivers/STM32F4xx_HAL_Driver/Src/stm32f4xx_hal_cortex.o
 .text.__NVIC_SetPriority
                0x00000000080013b4       0x54 Drivers/STM32F4xx_HAL_Driver/Src/stm32f4xx_hal_cortex.o
 .text.NVIC_EncodePriority
                0x0000000008001408       0x66 Drivers/STM32F4xx_HAL_Driver/Src/stm32f4xx_hal_cortex.o
 *fill*         0x000000000800146e        0x2 
 .text.SysTick_Config
                0x0000000008001470       0x44 Drivers/STM32F4xx_HAL_Driver/Src/stm32f4xx_hal_cortex.o
 .text.HAL_NVIC_SetPriorityGrouping
                0x00000000080014b4       0x16 Drivers/STM32F4xx_HAL_Driver/Src/stm32f4xx_hal_cortex.o
                0x00000000080014b4                HAL_NVIC_SetPriorityGrouping
 .text.HAL_NVIC_SetPriority
                0x00000000080014ca       0x38 Drivers/STM32F4xx_HAL_Driver/Src/stm32f4xx_hal_cortex.o
                0x00000000080014ca                HAL_NVIC_SetPriority
 .text.HAL_NVIC_EnableIRQ
                0x0000000008001502       0x1c Drivers/STM32F4xx_HAL_Driver/Src/stm32f4xx_hal_cortex.o
                0x0000000008001502                HAL_NVIC_EnableIRQ
 .text.HAL_SYSTICK_Config
                0x000000000800151e       0x18 Drivers/STM32F4xx_HAL_Driver/Src/stm32f4xx_hal_cortex.o
                0x000000000800151e                HAL_SYSTICK_Config
 *fill*         0x0000000008001536        0x2 
 .text.HAL_GPIO_Init
                0x0000000008001538      0x308 Drivers/STM32F4xx_HAL_Driver/Src/stm32f4xx_hal_gpio.o
                0x0000000008001538                HAL_GPIO_Init
 .text.HAL_GPIO_WritePin
                0x0000000008001840       0x32 Drivers/STM32F4xx_HAL_Driver/Src/stm32f4xx_hal_gpio.o
                0x0000000008001840                HAL_GPIO_WritePin
 *fill*         0x0000000008001872        0x2 
 .text.HAL_RCC_OscConfig
                0x0000000008001874      0x4f0 Drivers/STM32F4xx_HAL_Driver/Src/stm32f4xx_hal_rcc.o
                0x0000000008001874                HAL_RCC_OscConfig
 .text.HAL_RCC_ClockConfig
                0x0000000008001d64      0x1cc Drivers/STM32F4xx_HAL_Driver/Src/stm32f4xx_hal_rcc.o
                0x0000000008001d64                HAL_RCC_ClockConfig
 .text.HAL_RCC_GetSysClockFreq
                0x0000000008001f30      0x1c4 Drivers/STM32F4xx_HAL_Driver/Src/stm32f4xx_hal_rcc.o
                0x0000000008001f30                HAL_RCC_GetSysClockFreq
 .text.HAL_RCC_GetHCLKFreq
                0x00000000080020f4       0x18 Drivers/STM32F4xx_HAL_Driver/Src/stm32f4xx_hal_rcc.o
                0x00000000080020f4                HAL_RCC_GetHCLKFreq
 .text.HAL_RCC_GetPCLK1Freq
                0x000000000800210c       0x28 Drivers/STM32F4xx_HAL_Driver/Src/stm32f4xx_hal_rcc.o
                0x000000000800210c                HAL_RCC_GetPCLK1Freq
 .text.HAL_RCC_GetPCLK2Freq
                0x0000000008002134       0x28 Drivers/STM32F4xx_HAL_Driver/Src/stm32f4xx_hal_rcc.o
                0x0000000008002134                HAL_RCC_GetPCLK2Freq
 .text.HAL_TIM_Base_Init
                0x000000000800215c       0x9e Drivers/STM32F4xx_HAL_Driver/Src/stm32f4xx_hal_tim.o
                0x000000000800215c                HAL_TIM_Base_Init
 *fill*         0x00000000080021fa        0x2 
 .text.HAL_TIM_Base_Start
                0x00000000080021fc       0xb4 Drivers/STM32F4xx_HAL_Driver/Src/stm32f4xx_hal_tim.o
                0x00000000080021fc                HAL_TIM_Base_Start
 .text.HAL_TIM_Base_Start_IT
                0x00000000080022b0       0xc4 Drivers/STM32F4xx_HAL_Driver/Src/stm32f4xx_hal_tim.o
                0x00000000080022b0                HAL_TIM_Base_Start_IT
 .text.HAL_TIM_PWM_Init
                0x0000000008002374       0x9e Drivers/STM32F4xx_HAL_Driver/Src/stm32f4xx_hal_tim.o
                0x0000000008002374                HAL_TIM_PWM_Init
 .text.HAL_TIM_PWM_MspInit
                0x0000000008002412       0x14 Drivers/STM32F4xx_HAL_Driver/Src/stm32f4xx_hal_tim.o
                0x0000000008002412                HAL_TIM_PWM_MspInit
 *fill*         0x0000000008002426        0x2 
 .text.HAL_TIM_PWM_Start
                0x0000000008002428      0x160 Drivers/STM32F4xx_HAL_Driver/Src/stm32f4xx_hal_tim.o
                0x0000000008002428                HAL_TIM_PWM_Start
 .text.HAL_TIM_Encoder_Init
                0x0000000008002588      0x14c Drivers/STM32F4xx_HAL_Driver/Src/stm32f4xx_hal_tim.o
                0x0000000008002588                HAL_TIM_Encoder_Init
 .text.HAL_TIM_Encoder_Start
                0x00000000080026d4      0x11c Drivers/STM32F4xx_HAL_Driver/Src/stm32f4xx_hal_tim.o
                0x00000000080026d4                HAL_TIM_Encoder_Start
 .text.HAL_TIM_IRQHandler
                0x00000000080027f0      0x210 Drivers/STM32F4xx_HAL_Driver/Src/stm32f4xx_hal_tim.o
                0x00000000080027f0                HAL_TIM_IRQHandler
 .text.HAL_TIM_PWM_ConfigChannel
                0x0000000008002a00      0x17c Drivers/STM32F4xx_HAL_Driver/Src/stm32f4xx_hal_tim.o
                0x0000000008002a00                HAL_TIM_PWM_ConfigChannel
 .text.HAL_TIM_ConfigClockSource
                0x0000000008002b7c      0x188 Drivers/STM32F4xx_HAL_Driver/Src/stm32f4xx_hal_tim.o
                0x0000000008002b7c                HAL_TIM_ConfigClockSource
 .text.HAL_TIM_OC_DelayElapsedCallback
                0x0000000008002d04       0x14 Drivers/STM32F4xx_HAL_Driver/Src/stm32f4xx_hal_tim.o
                0x0000000008002d04                HAL_TIM_OC_DelayElapsedCallback
 .text.HAL_TIM_IC_CaptureCallback
                0x0000000008002d18       0x14 Drivers/STM32F4xx_HAL_Driver/Src/stm32f4xx_hal_tim.o
                0x0000000008002d18                HAL_TIM_IC_CaptureCallback
 .text.HAL_TIM_PWM_PulseFinishedCallback
                0x0000000008002d2c       0x14 Drivers/STM32F4xx_HAL_Driver/Src/stm32f4xx_hal_tim.o
                0x0000000008002d2c                HAL_TIM_PWM_PulseFinishedCallback
 .text.HAL_TIM_TriggerCallback
                0x0000000008002d40       0x14 Drivers/STM32F4xx_HAL_Driver/Src/stm32f4xx_hal_tim.o
                0x0000000008002d40                HAL_TIM_TriggerCallback
 .text.TIM_Base_SetConfig
                0x0000000008002d54      0x100 Drivers/STM32F4xx_HAL_Driver/Src/stm32f4xx_hal_tim.o
                0x0000000008002d54                TIM_Base_SetConfig
 .text.TIM_OC1_SetConfig
                0x0000000008002e54       0xcc Drivers/STM32F4xx_HAL_Driver/Src/stm32f4xx_hal_tim.o
 .text.TIM_OC2_SetConfig
                0x0000000008002f20       0xd8 Drivers/STM32F4xx_HAL_Driver/Src/stm32f4xx_hal_tim.o
                0x0000000008002f20                TIM_OC2_SetConfig
 .text.TIM_OC3_SetConfig
                0x0000000008002ff8       0xd4 Drivers/STM32F4xx_HAL_Driver/Src/stm32f4xx_hal_tim.o
 .text.TIM_OC4_SetConfig
                0x00000000080030cc       0xa0 Drivers/STM32F4xx_HAL_Driver/Src/stm32f4xx_hal_tim.o
 .text.TIM_TI1_ConfigInputStage
                0x000000000800316c       0x5e Drivers/STM32F4xx_HAL_Driver/Src/stm32f4xx_hal_tim.o
 .text.TIM_TI2_ConfigInputStage
                0x00000000080031ca       0x60 Drivers/STM32F4xx_HAL_Driver/Src/stm32f4xx_hal_tim.o
 .text.TIM_ITRx_SetConfig
                0x000000000800322a       0x36 Drivers/STM32F4xx_HAL_Driver/Src/stm32f4xx_hal_tim.o
 .text.TIM_ETR_SetConfig
                0x0000000008003260       0x40 Drivers/STM32F4xx_HAL_Driver/Src/stm32f4xx_hal_tim.o
                0x0000000008003260                TIM_ETR_SetConfig
 .text.TIM_CCxChannelCmd
                0x00000000080032a0       0x4a Drivers/STM32F4xx_HAL_Driver/Src/stm32f4xx_hal_tim.o
                0x00000000080032a0                TIM_CCxChannelCmd
 *fill*         0x00000000080032ea        0x2 
 .text.HAL_TIMEx_MasterConfigSynchronization
                0x00000000080032ec       0xdc Drivers/STM32F4xx_HAL_Driver/Src/stm32f4xx_hal_tim_ex.o
                0x00000000080032ec                HAL_TIMEx_MasterConfigSynchronization
 .text.HAL_TIMEx_CommutCallback
                0x00000000080033c8       0x14 Drivers/STM32F4xx_HAL_Driver/Src/stm32f4xx_hal_tim_ex.o
                0x00000000080033c8                HAL_TIMEx_CommutCallback
 .text.HAL_TIMEx_BreakCallback
                0x00000000080033dc       0x14 Drivers/STM32F4xx_HAL_Driver/Src/stm32f4xx_hal_tim_ex.o
                0x00000000080033dc                HAL_TIMEx_BreakCallback
 .text.HAL_UART_Init
                0x00000000080033f0       0x9a Drivers/STM32F4xx_HAL_Driver/Src/stm32f4xx_hal_uart.o
                0x00000000080033f0                HAL_UART_Init
 *fill*         0x000000000800348a        0x2 
 .text.UART_SetConfig
                0x000000000800348c      0x390 Drivers/STM32F4xx_HAL_Driver/Src/stm32f4xx_hal_uart.o
 .text.__libc_init_array
                0x000000000800381c       0x48 c:/st/stm32cubeide_1.5.1/stm32cubeide/plugins/com.st.stm32cube.ide.mcu.externaltools.gnu-tools-for-stm32.9-2020-q2-update.win32_1.5.0.202011040924/tools/bin/../lib/gcc/arm-none-eabi/9.3.1/../../../../arm-none-eabi/lib/thumb/v7e-m+fp/hard\libc_nano.a(lib_a-init.o)
                0x000000000800381c                __libc_init_array
 .text.memset   0x0000000008003864       0x10 c:/st/stm32cubeide_1.5.1/stm32cubeide/plugins/com.st.stm32cube.ide.mcu.externaltools.gnu-tools-for-stm32.9-2020-q2-update.win32_1.5.0.202011040924/tools/bin/../lib/gcc/arm-none-eabi/9.3.1/../../../../arm-none-eabi/lib/thumb/v7e-m+fp/hard\libc_nano.a(lib_a-memset.o)
                0x0000000008003864                memset
 *(.glue_7)
 .glue_7        0x0000000008003874        0x0 linker stubs
 *(.glue_7t)
 .glue_7t       0x0000000008003874        0x0 linker stubs
 *(.eh_frame)
 .eh_frame      0x0000000008003874        0x0 c:/st/stm32cubeide_1.5.1/stm32cubeide/plugins/com.st.stm32cube.ide.mcu.externaltools.gnu-tools-for-stm32.9-2020-q2-update.win32_1.5.0.202011040924/tools/bin/../lib/gcc/arm-none-eabi/9.3.1/thumb/v7e-m+fp/hard/crtbegin.o
 *(.init)
 .init          0x0000000008003874        0x4 c:/st/stm32cubeide_1.5.1/stm32cubeide/plugins/com.st.stm32cube.ide.mcu.externaltools.gnu-tools-for-stm32.9-2020-q2-update.win32_1.5.0.202011040924/tools/bin/../lib/gcc/arm-none-eabi/9.3.1/thumb/v7e-m+fp/hard/crti.o
                0x0000000008003874                _init
 .init          0x0000000008003878        0x8 c:/st/stm32cubeide_1.5.1/stm32cubeide/plugins/com.st.stm32cube.ide.mcu.externaltools.gnu-tools-for-stm32.9-2020-q2-update.win32_1.5.0.202011040924/tools/bin/../lib/gcc/arm-none-eabi/9.3.1/thumb/v7e-m+fp/hard/crtn.o
 *(.fini)
 .fini          0x0000000008003880        0x4 c:/st/stm32cubeide_1.5.1/stm32cubeide/plugins/com.st.stm32cube.ide.mcu.externaltools.gnu-tools-for-stm32.9-2020-q2-update.win32_1.5.0.202011040924/tools/bin/../lib/gcc/arm-none-eabi/9.3.1/thumb/v7e-m+fp/hard/crti.o
                0x0000000008003880                _fini
 .fini          0x0000000008003884        0x8 c:/st/stm32cubeide_1.5.1/stm32cubeide/plugins/com.st.stm32cube.ide.mcu.externaltools.gnu-tools-for-stm32.9-2020-q2-update.win32_1.5.0.202011040924/tools/bin/../lib/gcc/arm-none-eabi/9.3.1/thumb/v7e-m+fp/hard/crtn.o
                0x000000000800388c                . = ALIGN (0x4)
                0x000000000800388c                _etext = .

.vfp11_veneer   0x000000000800388c        0x0
 .vfp11_veneer  0x000000000800388c        0x0 linker stubs

.v4_bx          0x000000000800388c        0x0
 .v4_bx         0x000000000800388c        0x0 linker stubs

.iplt           0x000000000800388c        0x0
 .iplt          0x000000000800388c        0x0 c:/st/stm32cubeide_1.5.1/stm32cubeide/plugins/com.st.stm32cube.ide.mcu.externaltools.gnu-tools-for-stm32.9-2020-q2-update.win32_1.5.0.202011040924/tools/bin/../lib/gcc/arm-none-eabi/9.3.1/thumb/v7e-m+fp/hard/crtbegin.o

.rodata         0x000000000800388c       0x18
                0x000000000800388c                . = ALIGN (0x4)
 *(.rodata)
 *(.rodata*)
 .rodata.AHBPrescTable
                0x000000000800388c       0x10 Core/Src/system_stm32f4xx.o
                0x000000000800388c                AHBPrescTable
 .rodata.APBPrescTable
                0x000000000800389c        0x8 Core/Src/system_stm32f4xx.o
                0x000000000800389c                APBPrescTable
                0x00000000080038a4                . = ALIGN (0x4)

.ARM.extab      0x00000000080038a4        0x0
                0x00000000080038a4                . = ALIGN (0x4)
 *(.ARM.extab* .gnu.linkonce.armextab.*)
                0x00000000080038a4                . = ALIGN (0x4)

.ARM            0x00000000080038a4        0x8
                0x00000000080038a4                . = ALIGN (0x4)
                0x00000000080038a4                __exidx_start = .
 *(.ARM.exidx*)
 .ARM.exidx     0x00000000080038a4        0x8 c:/st/stm32cubeide_1.5.1/stm32cubeide/plugins/com.st.stm32cube.ide.mcu.externaltools.gnu-tools-for-stm32.9-2020-q2-update.win32_1.5.0.202011040924/tools/bin/../lib/gcc/arm-none-eabi/9.3.1/thumb/v7e-m+fp/hard\libgcc.a(_udivmoddi4.o)
                0x00000000080038ac                __exidx_end = .
                0x00000000080038ac                . = ALIGN (0x4)

.rel.dyn        0x00000000080038ac        0x0
 .rel.iplt      0x00000000080038ac        0x0 c:/st/stm32cubeide_1.5.1/stm32cubeide/plugins/com.st.stm32cube.ide.mcu.externaltools.gnu-tools-for-stm32.9-2020-q2-update.win32_1.5.0.202011040924/tools/bin/../lib/gcc/arm-none-eabi/9.3.1/thumb/v7e-m+fp/hard/crtbegin.o

.preinit_array  0x00000000080038ac        0x0
                0x00000000080038ac                . = ALIGN (0x4)
                0x00000000080038ac                PROVIDE (__preinit_array_start = .)
 *(.preinit_array*)
                0x00000000080038ac                PROVIDE (__preinit_array_end = .)
                0x00000000080038ac                . = ALIGN (0x4)

.init_array     0x00000000080038ac        0x4
                0x00000000080038ac                . = ALIGN (0x4)
                0x00000000080038ac                PROVIDE (__init_array_start = .)
 *(SORT_BY_NAME(.init_array.*))
 *(.init_array*)
 .init_array    0x00000000080038ac        0x4 c:/st/stm32cubeide_1.5.1/stm32cubeide/plugins/com.st.stm32cube.ide.mcu.externaltools.gnu-tools-for-stm32.9-2020-q2-update.win32_1.5.0.202011040924/tools/bin/../lib/gcc/arm-none-eabi/9.3.1/thumb/v7e-m+fp/hard/crtbegin.o
                0x00000000080038b0                PROVIDE (__init_array_end = .)
                0x00000000080038b0                . = ALIGN (0x4)

.fini_array     0x00000000080038b0        0x4
                0x00000000080038b0                . = ALIGN (0x4)
                [!provide]                        PROVIDE (__fini_array_start = .)
 *(SORT_BY_NAME(.fini_array.*))
 *(.fini_array*)
 .fini_array    0x00000000080038b0        0x4 c:/st/stm32cubeide_1.5.1/stm32cubeide/plugins/com.st.stm32cube.ide.mcu.externaltools.gnu-tools-for-stm32.9-2020-q2-update.win32_1.5.0.202011040924/tools/bin/../lib/gcc/arm-none-eabi/9.3.1/thumb/v7e-m+fp/hard/crtbegin.o
                [!provide]                        PROVIDE (__fini_array_end = .)
                0x00000000080038b4                . = ALIGN (0x4)
                0x00000000080038b4                _sidata = LOADADDR (.data)

.data           0x0000000020000000       0x1c load address 0x00000000080038b4
                0x0000000020000000                . = ALIGN (0x4)
                0x0000000020000000                _sdata = .
 *(.data)
 *(.data*)
 .data.PWMOut   0x0000000020000000        0x4 Core/Src/main.o
                0x0000000020000000                PWMOut
 .data.K_P      0x0000000020000004        0x4 Core/Src/main.o
                0x0000000020000004                K_P
 .data.K_I      0x0000000020000008        0x4 Core/Src/main.o
                0x0000000020000008                K_I
 .data.K_D      0x000000002000000c        0x4 Core/Src/main.o
                0x000000002000000c                K_D
 .data.SystemCoreClock
                0x0000000020000010        0x4 Core/Src/system_stm32f4xx.o
                0x0000000020000010                SystemCoreClock
 .data.uwTickPrio
                0x0000000020000014        0x4 Drivers/STM32F4xx_HAL_Driver/Src/stm32f4xx_hal.o
                0x0000000020000014                uwTickPrio
 .data.uwTickFreq
                0x0000000020000018        0x1 Drivers/STM32F4xx_HAL_Driver/Src/stm32f4xx_hal.o
                0x0000000020000018                uwTickFreq
 *(.RamFunc)
 *(.RamFunc*)
                0x000000002000001c                . = ALIGN (0x4)
 *fill*         0x0000000020000019        0x3 
                0x000000002000001c                _edata = .

.igot.plt       0x000000002000001c        0x0 load address 0x00000000080038d0
 .igot.plt      0x000000002000001c        0x0 c:/st/stm32cubeide_1.5.1/stm32cubeide/plugins/com.st.stm32cube.ide.mcu.externaltools.gnu-tools-for-stm32.9-2020-q2-update.win32_1.5.0.202011040924/tools/bin/../lib/gcc/arm-none-eabi/9.3.1/thumb/v7e-m+fp/hard/crtbegin.o
                0x000000002000001c                . = ALIGN (0x4)

.bss            0x0000000020000020      0x188 load address 0x00000000080038d0
                0x0000000020000020                _sbss = .
                0x0000000020000020                __bss_start__ = _sbss
 *(.bss)
 .bss           0x0000000020000020       0x1c c:/st/stm32cubeide_1.5.1/stm32cubeide/plugins/com.st.stm32cube.ide.mcu.externaltools.gnu-tools-for-stm32.9-2020-q2-update.win32_1.5.0.202011040924/tools/bin/../lib/gcc/arm-none-eabi/9.3.1/thumb/v7e-m+fp/hard/crtbegin.o
 *(.bss*)
 *fill*         0x000000002000003c        0x4 
 .bss._micros   0x0000000020000040        0x8 Core/Src/main.o
                0x0000000020000040                _micros
 .bss.EncoderVel
                0x0000000020000048        0x4 Core/Src/main.o
                0x0000000020000048                EncoderVel
 .bss.Set_RPM   0x000000002000004c        0x4 Core/Src/main.o
                0x000000002000004c                Set_RPM
 .bss.EncoderVelConvert
                0x0000000020000050        0x4 Core/Src/main.o
                0x0000000020000050                EncoderVelConvert
 *fill*         0x0000000020000054        0x4 
 .bss.Timestamp_Encoder
                0x0000000020000058        0x8 Core/Src/main.o
                0x0000000020000058                Timestamp_Encoder
 .bss.TimeOutputLoop
                0x0000000020000060        0x8 Core/Src/main.o
                0x0000000020000060                TimeOutputLoop
 .bss.EncoderNowPosition
                0x0000000020000068        0x4 Core/Src/main.o
                0x0000000020000068                EncoderNowPosition
 *fill*         0x000000002000006c        0x4 
 .bss.EncoderLastTimestamp.8107
                0x0000000020000070        0x8 Core/Src/main.o
 .bss.EncoderLastPosition.8106
                0x0000000020000078        0x4 Core/Src/main.o
 .bss.ErrorValue.8114
                0x000000002000007c        0x4 Core/Src/main.o
 .bss.SummaryError.8113
                0x0000000020000080        0x4 Core/Src/main.o
 .bss.LastError.8115
                0x0000000020000084        0x4 Core/Src/main.o
 *(COMMON)
 COMMON         0x0000000020000088      0x11c Core/Src/main.o
                0x0000000020000088                htim3
                0x00000000200000d0                htim1
                0x0000000020000118                htim2
                0x0000000020000160                huart2
 COMMON         0x00000000200001a4        0x4 Drivers/STM32F4xx_HAL_Driver/Src/stm32f4xx_hal.o
                0x00000000200001a4                uwTick
                0x00000000200001a8                . = ALIGN (0x4)
                0x00000000200001a8                _ebss = .
                0x00000000200001a8                __bss_end__ = _ebss

._user_heap_stack
                0x00000000200001a8      0x600 load address 0x00000000080038d0
                0x00000000200001a8                . = ALIGN (0x8)
                [!provide]                        PROVIDE (end = .)
                0x00000000200001a8                PROVIDE (_end = .)
                0x00000000200003a8                . = (. + _Min_Heap_Size)
 *fill*         0x00000000200001a8      0x200 
                0x00000000200007a8                . = (. + _Min_Stack_Size)
 *fill*         0x00000000200003a8      0x400 
                0x00000000200007a8                . = ALIGN (0x8)

/DISCARD/
 libc.a(*)
 libm.a(*)
 libgcc.a(*)

.ARM.attributes
                0x0000000000000000       0x30
 *(.ARM.attributes)
 .ARM.attributes
                0x0000000000000000       0x1e c:/st/stm32cubeide_1.5.1/stm32cubeide/plugins/com.st.stm32cube.ide.mcu.externaltools.gnu-tools-for-stm32.9-2020-q2-update.win32_1.5.0.202011040924/tools/bin/../lib/gcc/arm-none-eabi/9.3.1/thumb/v7e-m+fp/hard/crti.o
 .ARM.attributes
                0x000000000000001e       0x34 c:/st/stm32cubeide_1.5.1/stm32cubeide/plugins/com.st.stm32cube.ide.mcu.externaltools.gnu-tools-for-stm32.9-2020-q2-update.win32_1.5.0.202011040924/tools/bin/../lib/gcc/arm-none-eabi/9.3.1/thumb/v7e-m+fp/hard/crtbegin.o
 .ARM.attributes
                0x0000000000000052       0x34 Core/Src/main.o
 .ARM.attributes
                0x0000000000000086       0x34 Core/Src/stm32f4xx_hal_msp.o
 .ARM.attributes
                0x00000000000000ba       0x34 Core/Src/stm32f4xx_it.o
 .ARM.attributes
                0x00000000000000ee       0x34 Core/Src/system_stm32f4xx.o
 .ARM.attributes
                0x0000000000000122       0x21 Core/Startup/startup_stm32f411retx.o
 .ARM.attributes
                0x0000000000000143       0x34 Drivers/STM32F4xx_HAL_Driver/Src/stm32f4xx_hal.o
 .ARM.attributes
                0x0000000000000177       0x34 Drivers/STM32F4xx_HAL_Driver/Src/stm32f4xx_hal_cortex.o
 .ARM.attributes
                0x00000000000001ab       0x34 Drivers/STM32F4xx_HAL_Driver/Src/stm32f4xx_hal_gpio.o
 .ARM.attributes
                0x00000000000001df       0x34 Drivers/STM32F4xx_HAL_Driver/Src/stm32f4xx_hal_rcc.o
 .ARM.attributes
                0x0000000000000213       0x34 Drivers/STM32F4xx_HAL_Driver/Src/stm32f4xx_hal_tim.o
 .ARM.attributes
                0x0000000000000247       0x34 Drivers/STM32F4xx_HAL_Driver/Src/stm32f4xx_hal_tim_ex.o
 .ARM.attributes
                0x000000000000027b       0x34 Drivers/STM32F4xx_HAL_Driver/Src/stm32f4xx_hal_uart.o
 .ARM.attributes
                0x00000000000002af       0x34 c:/st/stm32cubeide_1.5.1/stm32cubeide/plugins/com.st.stm32cube.ide.mcu.externaltools.gnu-tools-for-stm32.9-2020-q2-update.win32_1.5.0.202011040924/tools/bin/../lib/gcc/arm-none-eabi/9.3.1/../../../../arm-none-eabi/lib/thumb/v7e-m+fp/hard\libc_nano.a(lib_a-init.o)
 .ARM.attributes
                0x00000000000002e3       0x34 c:/st/stm32cubeide_1.5.1/stm32cubeide/plugins/com.st.stm32cube.ide.mcu.externaltools.gnu-tools-for-stm32.9-2020-q2-update.win32_1.5.0.202011040924/tools/bin/../lib/gcc/arm-none-eabi/9.3.1/../../../../arm-none-eabi/lib/thumb/v7e-m+fp/hard\libc_nano.a(lib_a-memset.o)
 .ARM.attributes
                0x0000000000000317       0x1e c:/st/stm32cubeide_1.5.1/stm32cubeide/plugins/com.st.stm32cube.ide.mcu.externaltools.gnu-tools-for-stm32.9-2020-q2-update.win32_1.5.0.202011040924/tools/bin/../lib/gcc/arm-none-eabi/9.3.1/thumb/v7e-m+fp/hard\libgcc.a(_arm_addsubsf3.o)
 .ARM.attributes
                0x0000000000000335       0x1e c:/st/stm32cubeide_1.5.1/stm32cubeide/plugins/com.st.stm32cube.ide.mcu.externaltools.gnu-tools-for-stm32.9-2020-q2-update.win32_1.5.0.202011040924/tools/bin/../lib/gcc/arm-none-eabi/9.3.1/thumb/v7e-m+fp/hard\libgcc.a(_aeabi_uldivmod.o)
 .ARM.attributes
                0x0000000000000353       0x34 c:/st/stm32cubeide_1.5.1/stm32cubeide/plugins/com.st.stm32cube.ide.mcu.externaltools.gnu-tools-for-stm32.9-2020-q2-update.win32_1.5.0.202011040924/tools/bin/../lib/gcc/arm-none-eabi/9.3.1/thumb/v7e-m+fp/hard\libgcc.a(_udivmoddi4.o)
 .ARM.attributes
                0x0000000000000387       0x1e c:/st/stm32cubeide_1.5.1/stm32cubeide/plugins/com.st.stm32cube.ide.mcu.externaltools.gnu-tools-for-stm32.9-2020-q2-update.win32_1.5.0.202011040924/tools/bin/../lib/gcc/arm-none-eabi/9.3.1/thumb/v7e-m+fp/hard\libgcc.a(_dvmd_tls.o)
 .ARM.attributes
                0x00000000000003a5       0x1e c:/st/stm32cubeide_1.5.1/stm32cubeide/plugins/com.st.stm32cube.ide.mcu.externaltools.gnu-tools-for-stm32.9-2020-q2-update.win32_1.5.0.202011040924/tools/bin/../lib/gcc/arm-none-eabi/9.3.1/thumb/v7e-m+fp/hard/crtn.o
OUTPUT(week-7-QEI.elf elf32-littlearm)
LOAD linker stubs
LOAD c:/st/stm32cubeide_1.5.1/stm32cubeide/plugins/com.st.stm32cube.ide.mcu.externaltools.gnu-tools-for-stm32.9-2020-q2-update.win32_1.5.0.202011040924/tools/bin/../lib/gcc/arm-none-eabi/9.3.1/../../../../arm-none-eabi/lib/thumb/v7e-m+fp/hard\libc.a
LOAD c:/st/stm32cubeide_1.5.1/stm32cubeide/plugins/com.st.stm32cube.ide.mcu.externaltools.gnu-tools-for-stm32.9-2020-q2-update.win32_1.5.0.202011040924/tools/bin/../lib/gcc/arm-none-eabi/9.3.1/../../../../arm-none-eabi/lib/thumb/v7e-m+fp/hard\libm.a
LOAD c:/st/stm32cubeide_1.5.1/stm32cubeide/plugins/com.st.stm32cube.ide.mcu.externaltools.gnu-tools-for-stm32.9-2020-q2-update.win32_1.5.0.202011040924/tools/bin/../lib/gcc/arm-none-eabi/9.3.1/thumb/v7e-m+fp/hard\libgcc.a

.debug_info     0x0000000000000000     0xb21d
 .debug_info    0x0000000000000000     0x1405 Core/Src/main.o
 .debug_info    0x0000000000001405     0x1065 Core/Src/stm32f4xx_hal_msp.o
 .debug_info    0x000000000000246a      0x817 Core/Src/stm32f4xx_it.o
 .debug_info    0x0000000000002c81      0x5d0 Core/Src/system_stm32f4xx.o
 .debug_info    0x0000000000003251       0x22 Core/Startup/startup_stm32f411retx.o
 .debug_info    0x0000000000003273      0x944 Drivers/STM32F4xx_HAL_Driver/Src/stm32f4xx_hal.o
 .debug_info    0x0000000000003bb7      0xe47 Drivers/STM32F4xx_HAL_Driver/Src/stm32f4xx_hal_cortex.o
 .debug_info    0x00000000000049fe      0x862 Drivers/STM32F4xx_HAL_Driver/Src/stm32f4xx_hal_gpio.o
 .debug_info    0x0000000000005260      0x9be Drivers/STM32F4xx_HAL_Driver/Src/stm32f4xx_hal_rcc.o
 .debug_info    0x0000000000005c1e     0x2a88 Drivers/STM32F4xx_HAL_Driver/Src/stm32f4xx_hal_tim.o
 .debug_info    0x00000000000086a6     0x151a Drivers/STM32F4xx_HAL_Driver/Src/stm32f4xx_hal_tim_ex.o
 .debug_info    0x0000000000009bc0     0x165d Drivers/STM32F4xx_HAL_Driver/Src/stm32f4xx_hal_uart.o

.debug_abbrev   0x0000000000000000     0x1925
 .debug_abbrev  0x0000000000000000      0x2ff Core/Src/main.o
 .debug_abbrev  0x00000000000002ff      0x206 Core/Src/stm32f4xx_hal_msp.o
 .debug_abbrev  0x0000000000000505      0x187 Core/Src/stm32f4xx_it.o
 .debug_abbrev  0x000000000000068c      0x145 Core/Src/system_stm32f4xx.o
 .debug_abbrev  0x00000000000007d1       0x12 Core/Startup/startup_stm32f411retx.o
 .debug_abbrev  0x00000000000007e3      0x21e Drivers/STM32F4xx_HAL_Driver/Src/stm32f4xx_hal.o
 .debug_abbrev  0x0000000000000a01      0x33c Drivers/STM32F4xx_HAL_Driver/Src/stm32f4xx_hal_cortex.o
 .debug_abbrev  0x0000000000000d3d      0x1f1 Drivers/STM32F4xx_HAL_Driver/Src/stm32f4xx_hal_gpio.o
 .debug_abbrev  0x0000000000000f2e      0x275 Drivers/STM32F4xx_HAL_Driver/Src/stm32f4xx_hal_rcc.o
 .debug_abbrev  0x00000000000011a3      0x26f Drivers/STM32F4xx_HAL_Driver/Src/stm32f4xx_hal_tim.o
 .debug_abbrev  0x0000000000001412      0x277 Drivers/STM32F4xx_HAL_Driver/Src/stm32f4xx_hal_tim_ex.o
 .debug_abbrev  0x0000000000001689      0x29c Drivers/STM32F4xx_HAL_Driver/Src/stm32f4xx_hal_uart.o

.debug_aranges  0x0000000000000000      0xbb0
 .debug_aranges
                0x0000000000000000       0x78 Core/Src/main.o
 .debug_aranges
                0x0000000000000078       0x58 Core/Src/stm32f4xx_hal_msp.o
 .debug_aranges
                0x00000000000000d0       0x70 Core/Src/stm32f4xx_it.o
 .debug_aranges
                0x0000000000000140       0x28 Core/Src/system_stm32f4xx.o
 .debug_aranges
                0x0000000000000168       0x28 Core/Startup/startup_stm32f411retx.o
 .debug_aranges
                0x0000000000000190       0xf0 Drivers/STM32F4xx_HAL_Driver/Src/stm32f4xx_hal.o
 .debug_aranges
                0x0000000000000280      0x118 Drivers/STM32F4xx_HAL_Driver/Src/stm32f4xx_hal_cortex.o
 .debug_aranges
                0x0000000000000398       0x58 Drivers/STM32F4xx_HAL_Driver/Src/stm32f4xx_hal_gpio.o
 .debug_aranges
                0x00000000000003f0       0x88 Drivers/STM32F4xx_HAL_Driver/Src/stm32f4xx_hal_rcc.o
 .debug_aranges
                0x0000000000000478      0x3d0 Drivers/STM32F4xx_HAL_Driver/Src/stm32f4xx_hal_tim.o
 .debug_aranges
                0x0000000000000848      0x168 Drivers/STM32F4xx_HAL_Driver/Src/stm32f4xx_hal_tim_ex.o
 .debug_aranges
                0x00000000000009b0      0x200 Drivers/STM32F4xx_HAL_Driver/Src/stm32f4xx_hal_uart.o

.debug_ranges   0x0000000000000000      0xb28
 .debug_ranges  0x0000000000000000       0x68 Core/Src/main.o
 .debug_ranges  0x0000000000000068       0x48 Core/Src/stm32f4xx_hal_msp.o
 .debug_ranges  0x00000000000000b0       0x60 Core/Src/stm32f4xx_it.o
 .debug_ranges  0x0000000000000110       0x18 Core/Src/system_stm32f4xx.o
 .debug_ranges  0x0000000000000128       0x20 Core/Startup/startup_stm32f411retx.o
 .debug_ranges  0x0000000000000148       0xe0 Drivers/STM32F4xx_HAL_Driver/Src/stm32f4xx_hal.o
 .debug_ranges  0x0000000000000228      0x108 Drivers/STM32F4xx_HAL_Driver/Src/stm32f4xx_hal_cortex.o
 .debug_ranges  0x0000000000000330       0x48 Drivers/STM32F4xx_HAL_Driver/Src/stm32f4xx_hal_gpio.o
 .debug_ranges  0x0000000000000378       0x78 Drivers/STM32F4xx_HAL_Driver/Src/stm32f4xx_hal_rcc.o
 .debug_ranges  0x00000000000003f0      0x3c0 Drivers/STM32F4xx_HAL_Driver/Src/stm32f4xx_hal_tim.o
 .debug_ranges  0x00000000000007b0      0x158 Drivers/STM32F4xx_HAL_Driver/Src/stm32f4xx_hal_tim_ex.o
 .debug_ranges  0x0000000000000908      0x220 Drivers/STM32F4xx_HAL_Driver/Src/stm32f4xx_hal_uart.o

.debug_macro    0x0000000000000000    0x1552f
 .debug_macro   0x0000000000000000      0x1f2 Core/Src/main.o
 .debug_macro   0x00000000000001f2      0xaa8 Core/Src/main.o
 .debug_macro   0x0000000000000c9a      0x29b Core/Src/main.o
 .debug_macro   0x0000000000000f35       0x2e Core/Src/main.o
 .debug_macro   0x0000000000000f63       0x28 Core/Src/main.o
 .debug_macro   0x0000000000000f8b       0x22 Core/Src/main.o
 .debug_macro   0x0000000000000fad       0x8e Core/Src/main.o
 .debug_macro   0x000000000000103b       0x51 Core/Src/main.o
 .debug_macro   0x000000000000108c      0x103 Core/Src/main.o
 .debug_macro   0x000000000000118f       0x6a Core/Src/main.o
 .debug_macro   0x00000000000011f9      0x1df Core/Src/main.o
 .debug_macro   0x00000000000013d8       0x1c Core/Src/main.o
 .debug_macro   0x00000000000013f4       0x22 Core/Src/main.o
 .debug_macro   0x0000000000001416       0xdf Core/Src/main.o
 .debug_macro   0x00000000000014f5     0x102d Core/Src/main.o
 .debug_macro   0x0000000000002522      0x11f Core/Src/main.o
 .debug_macro   0x0000000000002641     0xb937 Core/Src/main.o
 .debug_macro   0x000000000000df78       0x43 Core/Src/main.o
 .debug_macro   0x000000000000dfbb     0x3659 Core/Src/main.o
 .debug_macro   0x0000000000011614      0x174 Core/Src/main.o
 .debug_macro   0x0000000000011788       0x5c Core/Src/main.o
 .debug_macro   0x00000000000117e4      0x447 Core/Src/main.o
 .debug_macro   0x0000000000011c2b      0x9fe Core/Src/main.o
 .debug_macro   0x0000000000012629      0x117 Core/Src/main.o
 .debug_macro   0x0000000000012740      0x11b Core/Src/main.o
 .debug_macro   0x000000000001285b       0x82 Core/Src/main.o
 .debug_macro   0x00000000000128dd      0x15f Core/Src/main.o
 .debug_macro   0x0000000000012a3c      0x287 Core/Src/main.o
 .debug_macro   0x0000000000012cc3       0x5f Core/Src/main.o
 .debug_macro   0x0000000000012d22      0x236 Core/Src/main.o
 .debug_macro   0x0000000000012f58      0x132 Core/Src/main.o
 .debug_macro   0x000000000001308a      0x264 Core/Src/main.o
 .debug_macro   0x00000000000132ee       0x2e Core/Src/main.o
 .debug_macro   0x000000000001331c      0x11a Core/Src/main.o
 .debug_macro   0x0000000000013436       0x85 Core/Src/main.o
 .debug_macro   0x00000000000134bb       0x89 Core/Src/main.o
 .debug_macro   0x0000000000013544      0x8d1 Core/Src/main.o
 .debug_macro   0x0000000000013e15       0x47 Core/Src/main.o
 .debug_macro   0x0000000000013e5c      0x295 Core/Src/main.o
 .debug_macro   0x00000000000140f1      0x126 Core/Src/main.o
 .debug_macro   0x0000000000014217       0x58 Core/Src/main.o
 .debug_macro   0x000000000001426f      0x1dd Core/Src/stm32f4xx_hal_msp.o
 .debug_macro   0x000000000001444c      0x1e7 Core/Src/stm32f4xx_it.o
 .debug_macro   0x0000000000014633      0x1ce Core/Src/system_stm32f4xx.o
 .debug_macro   0x0000000000014801      0x22e Drivers/STM32F4xx_HAL_Driver/Src/stm32f4xx_hal.o
 .debug_macro   0x0000000000014a2f      0x1ce Drivers/STM32F4xx_HAL_Driver/Src/stm32f4xx_hal_cortex.o
 .debug_macro   0x0000000000014bfd      0x1d4 Drivers/STM32F4xx_HAL_Driver/Src/stm32f4xx_hal_gpio.o
 .debug_macro   0x0000000000014dd1      0x1f2 Drivers/STM32F4xx_HAL_Driver/Src/stm32f4xx_hal_rcc.o
 .debug_macro   0x0000000000014fc3      0x1cf Drivers/STM32F4xx_HAL_Driver/Src/stm32f4xx_hal_tim.o
 .debug_macro   0x0000000000015192      0x1ce Drivers/STM32F4xx_HAL_Driver/Src/stm32f4xx_hal_tim_ex.o
 .debug_macro   0x0000000000015360      0x1cf Drivers/STM32F4xx_HAL_Driver/Src/stm32f4xx_hal_uart.o

.debug_line     0x0000000000000000     0xb6c5
 .debug_line    0x0000000000000000      0x9f0 Core/Src/main.o
 .debug_line    0x00000000000009f0      0x7ef Core/Src/stm32f4xx_hal_msp.o
 .debug_line    0x00000000000011df      0x7b9 Core/Src/stm32f4xx_it.o
 .debug_line    0x0000000000001998      0x748 Core/Src/system_stm32f4xx.o
 .debug_line    0x00000000000020e0       0x88 Core/Startup/startup_stm32f411retx.o
 .debug_line    0x0000000000002168      0x9ae Drivers/STM32F4xx_HAL_Driver/Src/stm32f4xx_hal.o
 .debug_line    0x0000000000002b16      0xc5d Drivers/STM32F4xx_HAL_Driver/Src/stm32f4xx_hal_cortex.o
 .debug_line    0x0000000000003773      0xaea Drivers/STM32F4xx_HAL_Driver/Src/stm32f4xx_hal_gpio.o
 .debug_line    0x000000000000425d      0xd2a Drivers/STM32F4xx_HAL_Driver/Src/stm32f4xx_hal_rcc.o
 .debug_line    0x0000000000004f87     0x33b4 Drivers/STM32F4xx_HAL_Driver/Src/stm32f4xx_hal_tim.o
 .debug_line    0x000000000000833b     0x1916 Drivers/STM32F4xx_HAL_Driver/Src/stm32f4xx_hal_tim_ex.o
 .debug_line    0x0000000000009c51     0x1a74 Drivers/STM32F4xx_HAL_Driver/Src/stm32f4xx_hal_uart.o

.debug_str      0x0000000000000000    0x898c8
 .debug_str     0x0000000000000000    0x86e38 Core/Src/main.o
                                      0x87194 (size before relaxing)
 .debug_str     0x0000000000086e38      0x46b Core/Src/stm32f4xx_hal_msp.o
                                      0x870d6 (size before relaxing)
 .debug_str     0x00000000000872a3       0xdd Core/Src/stm32f4xx_it.o
                                      0x869df (size before relaxing)
 .debug_str     0x0000000000087380       0xaf Core/Src/system_stm32f4xx.o
                                      0x86462 (size before relaxing)
 .debug_str     0x000000000008742f       0x36 Core/Startup/startup_stm32f411retx.o
                                         0x60 (size before relaxing)
 .debug_str     0x0000000000087465      0x58d Drivers/STM32F4xx_HAL_Driver/Src/stm32f4xx_hal.o
                                      0x86dec (size before relaxing)
 .debug_str     0x00000000000879f2      0x399 Drivers/STM32F4xx_HAL_Driver/Src/stm32f4xx_hal_cortex.o
                                      0x86bc9 (size before relaxing)
 .debug_str     0x0000000000087d8b      0x15f Drivers/STM32F4xx_HAL_Driver/Src/stm32f4xx_hal_gpio.o
                                      0x86609 (size before relaxing)
 .debug_str     0x0000000000087eea      0x24e Drivers/STM32F4xx_HAL_Driver/Src/stm32f4xx_hal_rcc.o
                                      0x86864 (size before relaxing)
 .debug_str     0x0000000000088138      0xcb5 Drivers/STM32F4xx_HAL_Driver/Src/stm32f4xx_hal_tim.o
                                      0x87778 (size before relaxing)
 .debug_str     0x0000000000088ded      0x4ee Drivers/STM32F4xx_HAL_Driver/Src/stm32f4xx_hal_tim_ex.o
                                      0x86f29 (size before relaxing)
 .debug_str     0x00000000000892db      0x5ed Drivers/STM32F4xx_HAL_Driver/Src/stm32f4xx_hal_uart.o
                                      0x86db4 (size before relaxing)

.comment        0x0000000000000000       0x53
 .comment       0x0000000000000000       0x53 Core/Src/main.o
                                         0x54 (size before relaxing)
 .comment       0x0000000000000053       0x54 Core/Src/stm32f4xx_hal_msp.o
 .comment       0x0000000000000053       0x54 Core/Src/stm32f4xx_it.o
 .comment       0x0000000000000053       0x54 Core/Src/system_stm32f4xx.o
 .comment       0x0000000000000053       0x54 Drivers/STM32F4xx_HAL_Driver/Src/stm32f4xx_hal.o
 .comment       0x0000000000000053       0x54 Drivers/STM32F4xx_HAL_Driver/Src/stm32f4xx_hal_cortex.o
 .comment       0x0000000000000053       0x54 Drivers/STM32F4xx_HAL_Driver/Src/stm32f4xx_hal_gpio.o
 .comment       0x0000000000000053       0x54 Drivers/STM32F4xx_HAL_Driver/Src/stm32f4xx_hal_rcc.o
 .comment       0x0000000000000053       0x54 Drivers/STM32F4xx_HAL_Driver/Src/stm32f4xx_hal_tim.o
 .comment       0x0000000000000053       0x54 Drivers/STM32F4xx_HAL_Driver/Src/stm32f4xx_hal_tim_ex.o
 .comment       0x0000000000000053       0x54 Drivers/STM32F4xx_HAL_Driver/Src/stm32f4xx_hal_uart.o

.debug_frame    0x0000000000000000     0x31e8
 .debug_frame   0x0000000000000000      0x1cc Core/Src/main.o
 .debug_frame   0x00000000000001cc      0x130 Core/Src/stm32f4xx_hal_msp.o
 .debug_frame   0x00000000000002fc      0x13c Core/Src/stm32f4xx_it.o
 .debug_frame   0x0000000000000438       0x58 Core/Src/system_stm32f4xx.o
 .debug_frame   0x0000000000000490      0x374 Drivers/STM32F4xx_HAL_Driver/Src/stm32f4xx_hal.o
 .debug_frame   0x0000000000000804      0x498 Drivers/STM32F4xx_HAL_Driver/Src/stm32f4xx_hal_cortex.o
 .debug_frame   0x0000000000000c9c      0x14c Drivers/STM32F4xx_HAL_Driver/Src/stm32f4xx_hal_gpio.o
 .debug_frame   0x0000000000000de8      0x1f0 Drivers/STM32F4xx_HAL_Driver/Src/stm32f4xx_hal_rcc.o
 .debug_frame   0x0000000000000fd8     0x11bc Drivers/STM32F4xx_HAL_Driver/Src/stm32f4xx_hal_tim.o
 .debug_frame   0x0000000000002194      0x638 Drivers/STM32F4xx_HAL_Driver/Src/stm32f4xx_hal_tim_ex.o
 .debug_frame   0x00000000000027cc      0x924 Drivers/STM32F4xx_HAL_Driver/Src/stm32f4xx_hal_uart.o
 .debug_frame   0x00000000000030f0       0x2c c:/st/stm32cubeide_1.5.1/stm32cubeide/plugins/com.st.stm32cube.ide.mcu.externaltools.gnu-tools-for-stm32.9-2020-q2-update.win32_1.5.0.202011040924/tools/bin/../lib/gcc/arm-none-eabi/9.3.1/../../../../arm-none-eabi/lib/thumb/v7e-m+fp/hard\libc_nano.a(lib_a-init.o)
 .debug_frame   0x000000000000311c       0x20 c:/st/stm32cubeide_1.5.1/stm32cubeide/plugins/com.st.stm32cube.ide.mcu.externaltools.gnu-tools-for-stm32.9-2020-q2-update.win32_1.5.0.202011040924/tools/bin/../lib/gcc/arm-none-eabi/9.3.1/../../../../arm-none-eabi/lib/thumb/v7e-m+fp/hard\libc_nano.a(lib_a-memset.o)
 .debug_frame   0x000000000000313c       0x4c c:/st/stm32cubeide_1.5.1/stm32cubeide/plugins/com.st.stm32cube.ide.mcu.externaltools.gnu-tools-for-stm32.9-2020-q2-update.win32_1.5.0.202011040924/tools/bin/../lib/gcc/arm-none-eabi/9.3.1/thumb/v7e-m+fp/hard\libgcc.a(_arm_addsubsf3.o)
 .debug_frame   0x0000000000003188       0x2c c:/st/stm32cubeide_1.5.1/stm32cubeide/plugins/com.st.stm32cube.ide.mcu.externaltools.gnu-tools-for-stm32.9-2020-q2-update.win32_1.5.0.202011040924/tools/bin/../lib/gcc/arm-none-eabi/9.3.1/thumb/v7e-m+fp/hard\libgcc.a(_aeabi_uldivmod.o)
 .debug_frame   0x00000000000031b4       0x34 c:/st/stm32cubeide_1.5.1/stm32cubeide/plugins/com.st.stm32cube.ide.mcu.externaltools.gnu-tools-for-stm32.9-2020-q2-update.win32_1.5.0.202011040924/tools/bin/../lib/gcc/arm-none-eabi/9.3.1/thumb/v7e-m+fp/hard\libgcc.a(_udivmoddi4.o)
