main.c:81:5:main	24	static
main.c:142:6:SystemClock_Config	88	static
main.c:184:13:MX_TIM1_Init	56	static
main.c:232:13:MX_TIM2_Init	32	static
main.c:274:13:MX_TIM3_Init	64	static
main.c:334:13:MX_USART2_UART_Init	8	static
main.c:365:13:MX_GPIO_Init	48	static
main.c:397:7:EncoderVelocity_Update	48	static
main.c:428:6:ControlPWM	4	static
main.c:445:6:RunMotor	4	static
main.c:460:6:HAL_TIM_PeriodElapsedCallback	24	static
main.c:465:10:micros	12	static
main.c:474:6:Error_Handler	4	static,ignoring_inline_asm
